mode: set
gitea-cicd.apps.aws2-dev.ocp.14west.io/cicd/golang-html-transform/pkg/validator/validate.go:14.59,18.27 4 1
gitea-cicd.apps.aws2-dev.ocp.14west.io/cicd/golang-html-transform/pkg/validator/validate.go:26.2,26.12 1 1
gitea-cicd.apps.aws2-dev.ocp.14west.io/cicd/golang-html-transform/pkg/validator/validate.go:18.27,19.15 1 1
gitea-cicd.apps.aws2-dev.ocp.14west.io/cicd/golang-html-transform/pkg/validator/validate.go:19.15,22.4 2 1
gitea-cicd.apps.aws2-dev.ocp.14west.io/cicd/golang-html-transform/pkg/validator/validate.go:22.9,24.4 1 0
gitea-cicd.apps.aws2-dev.ocp.14west.io/cicd/golang-html-transform/pkg/validator/validate.go:32.50,39.26 2 1
gitea-cicd.apps.aws2-dev.ocp.14west.io/cicd/golang-html-transform/pkg/validator/validate.go:44.2,44.12 1 1
gitea-cicd.apps.aws2-dev.ocp.14west.io/cicd/golang-html-transform/pkg/validator/validate.go:39.26,40.54 1 1
gitea-cicd.apps.aws2-dev.ocp.14west.io/cicd/golang-html-transform/pkg/validator/validate.go:40.54,42.4 1 1
gitea-cicd.apps.aws2-dev.ocp.14west.io/cicd/golang-html-transform/pkg/handlers/handlers.go:21.87,29.16 5 1
gitea-cicd.apps.aws2-dev.ocp.14west.io/cicd/golang-html-transform/pkg/handlers/handlers.go:29.16,32.3 2 0
gitea-cicd.apps.aws2-dev.ocp.14west.io/cicd/golang-html-transform/pkg/handlers/handlers.go:32.8,34.15 2 1
gitea-cicd.apps.aws2-dev.ocp.14west.io/cicd/golang-html-transform/pkg/handlers/handlers.go:55.3,57.28 3 1
gitea-cicd.apps.aws2-dev.ocp.14west.io/cicd/golang-html-transform/pkg/handlers/handlers.go:34.15,38.4 3 0
gitea-cicd.apps.aws2-dev.ocp.14west.io/cicd/golang-html-transform/pkg/handlers/handlers.go:38.9,45.18 6 1
gitea-cicd.apps.aws2-dev.ocp.14west.io/cicd/golang-html-transform/pkg/handlers/handlers.go:45.18,49.5 3 0
gitea-cicd.apps.aws2-dev.ocp.14west.io/cicd/golang-html-transform/pkg/handlers/handlers.go:49.10,52.5 2 1
gitea-cicd.apps.aws2-dev.ocp.14west.io/cicd/golang-html-transform/pkg/handlers/handlers.go:61.54,63.2 1 1
gitea-cicd.apps.aws2-dev.ocp.14west.io/cicd/golang-html-transform/pkg/handlers/handlers.go:66.57,72.2 4 1
